Diagnose log at 2026-09-15T17:39:36Z

AppPath: C:\Program Files\Git\mingw64\bin\git-credential-manager.exe
InstallDir: C:\Program Files\Git\mingw64\bin\
Version: 2.9.0+194ba290ce533465310d50f811684ab180536ae7

------------
Diagnostic: Environment
Skipped: False
Success: True
Exception: None
Log:
OSType: Windows
OSVersion: 10.0 (build 19045)
Reading environment variables... OK
 Variables:
OneDriveConsumer=C:\Users\Jens-Petter\OneDrive
ProgramFiles(x86)=C:\Program Files (x86)
Path=C:/Program Files/Git/mingw64/libexec/git-core;C:\Program Files\Git\mingw64\bin;C:\Program Files\Git\usr\bin;C:\Users\Jens-Petter\bin;C:\Program Files\Microsoft SDKs\Azure\CLI2\wbin;C:\Program Files (x86)\Common Files\Oracle\Java\java8path;C:\Program Files (x86)\Common Files\Oracle\Java\javapath;C:\Program Files\Oculus\Support\oculus-runtime;C:\Program Files (x86)\VMware\VMware Player\bin\;C:\Program Files (x86)\Common Files\Intel\Shared Libraries\redist\intel64\compiler;C:\WINDOWS\system32;C:\WINDOWS;C:\WINDOWS\System32\Wbem;C:\WINDOWS\System32\WindowsPowerShell\v1.0\;C:\WINDOWS\System32\OpenSSH\;C:\Program Files (x86)\NVIDIA Corporation\PhysX\Common;C:\WINDOWS\system32;C:\WINDOWS;C:\WINDOWS\System32\Wbem;C:\WINDOWS\System32\WindowsPowerShell\v1.0\;C:\WINDOWS\System32\OpenSSH\;C:\Program Files\dotnet\;C:\Program Files\Lumia Stream\commands;C:\Program Files\Git\cmd;C:\Program Files\Microsoft SQL Server\150\Tools\Binn\;C:\Program Files\Microsoft SQL Server\Client SDK\ODBC\170\Tools\Binn\;C:\Program Files\NVIDIA Corporation\NVIDIA app\NvDLISR;C:\Program Files\PuTTY\;C:\Program Files\GitHub CLI\;C:\Program Files\nodejs\;C:\Program Files\MySQL\MySQL Shell 8.0\bin\;C:\Users\Jens-Petter\AppData\Local\Microsoft\WindowsApps;;C:\Users\Jens-Petter\AppData\Local\Programs\Microsoft VS Code\bin;C:\Users\Jens-Petter\.dotnet\tools;C:\Users\Jens-Petter\AppData\Roaming\npm;C:\Users\Jens-Petter\AppData\Local\Programs\DockerDesktop\resources\bin;C:\Users\Jens-Petter\AppData\Local\Programs\cursor\resources\app\bin
ProgramW6432=C:\Program Files
PROCESSOR_IDENTIFIER=Intel64 Family 6 Model 165 Stepping 5, GenuineIntel
TMP=C:\Users\JENS-P~1\AppData\Local\Temp
PROCESSOR_ARCHITECTURE=AMD64
DriverData=C:\Windows\System32\Drivers\DriverData
PATHEXT=.COM;.EXE;.BAT;.CMD;.VBS;.VBE;.JS;.JSE;.WSF;.WSH;.MSC;.CPL
MIC_LD_LIBRARY_PATH=C:\Program Files (x86)\Common Files\Intel\Shared Libraries\compiler\lib\mic
MSYSTEM=MINGW64
TEMP=C:\Users\JENS-P~1\AppData\Local\Temp
USERPROFILE=C:\Users\Jens-Petter
LOGONSERVER=\\JAYPEEJP
TERM=xterm-256color
USERNAME=Jens-Petter
SystemRoot=C:\WINDOWS
CHROME_CRASHPAD_PIPE_NAME=\\.\pipe\crashpad_39104_CTPDSGNUKWUHACMC
HOME=C:\Users\Jens-Petter
PLINK_PROTOCOL=ssh
KINECTSDK10_DIR=C:\Program Files\Microsoft SDKs\Kinect\v1.8\
OneDrive=C:\Users\Jens-Petter\OneDrive
QT_SCALE_FACTOR_ROUNDING_POLICY=RoundPreferFloor
CommonProgramFiles=C:\Program Files\Common Files
VSCODE_INJECTION=1
VSCODE_PYTHON_AUTOACTIVATE_GUARD=1
OculusBase=C:\Program Files\Oculus\
ProgramData=C:\ProgramData
LANG=en_US.UTF-8
RlsSvcPort=22112
HOMEPATH=\Users\Jens-Petter
COMPUTERNAME=JAYPEEJP
ALLUSERSPROFILE=C:\ProgramData
CommonProgramW6432=C:\Program Files\Common Files
GIT_EXEC_PATH=C:/Program Files/Git/mingw64/libexec/git-core
SESSIONNAME=Console
PROCESSOR_LEVEL=6
PROCESSOR_REVISION=a505
HOMEDRIVE=C:
INTEL_DEV_REDIST=C:\Program Files (x86)\Common Files\Intel\Shared Libraries\
windir=C:\WINDOWS
GIT_TRACE2_PARENT_SID=09ff205b-f362-416d-8471-0225fd9dbab9
SystemDrive=C:
NUMBER_OF_PROCESSORS=20
OS=Windows_NT
ProgramFiles=C:\Program Files
ComSpec=C:\WINDOWS\system32\cmd.exe
USERDOMAIN_ROAMINGPROFILE=JAYPEEJP
Medit_CHITUBOX_Basic_Bridge=C:\Program Files\CHITUBOX  V1.9.5
PSModulePath=C:\Users\Jens-Petter\OneDrive\Documents\WindowsPowerShell\Modules;C:\Program Files\WindowsPowerShell\Modules;C:\WINDOWS\system32\WindowsPowerShell\v1.0\Modules
TMPDIR=C:\Users\JENS-P~1\AppData\Local\Temp
APPDATA=C:\Users\Jens-Petter\AppData\Roaming
USERDOMAIN=JAYPEEJP
ACSvcPort=17532
LOCALAPPDATA=C:\Users\Jens-Petter\AppData\Local
TERM_PROGRAM_VERSION=1.135.0
CommonProgramFiles(x86)=C:\Program Files (x86)\Common Files
COLORTERM=truecolor
PUBLIC=C:\Users\Public
TERM_PROGRAM=vscode


------------
Diagnostic: File system
Skipped: False
Success: True
Exception: None
Log:
Temporary directory is 'C:\Users\Jens-Petter\AppData\Local\Temp\'...
Checking basic file I/O...
Writing to temporary file 'C:\Users\Jens-Petter\AppData\Local\Temp\4c6341f8b7fa538605d19bd6'... OK
Reading from temporary file 'C:\Users\Jens-Petter\AppData\Local\Temp\4c6341f8b7fa538605d19bd6'... OK
Deleting temporary file 'C:\Users\Jens-Petter\AppData\Local\Temp\4c6341f8b7fa538605d19bd6'... OK
Testing IFileSystem instance...
UserHomePath: C:\Users\Jens-Petter
UserDataDirectoryPath: C:\Users\Jens-Petter\.gcm
GetCurrentDirectory(): F:\GameCreating\nordgard

------------
Diagnostic: Networking
Skipped: False
Success: True
Exception: None
Log:
Checking networking and HTTP stack...
Creating HTTP client... OK
IsNetworkAvailable: True
Sending HEAD request to http://example.com... OK
Sending HEAD request to https://example.com... OK
Acquiring free TCP port... OK
Testing local HTTP loopback connections...
Creating new HTTP listener for http://localhost:58120/... OK
Waiting for loopback connection... OK
Writing response... OK
Waiting for response data... OK
Loopback connection data OK

------------
Diagnostic: Git
Skipped: False
Success: True
Exception: None
Log:
Getting Git version... OK
Git version is '2.55.0.windows.3'
Locating current repository...Git repository at 'F:/GameCreating/nordgard/.git'
 OK
Listing all Git configuration... OK
Git configuration:
file:C:/Program Files/Git/etc/gitconfig	diff.astextplain.textconv=astextplain
file:C:/Program Files/Git/etc/gitconfig	filter.lfs.clean=git-lfs clean -- %f
file:C:/Program Files/Git/etc/gitconfig	filter.lfs.smudge=git-lfs smudge -- %f
file:C:/Program Files/Git/etc/gitconfig	filter.lfs.process=git-lfs filter-process
file:C:/Program Files/Git/etc/gitconfig	filter.lfs.required=true
file:C:/Program Files/Git/etc/gitconfig	http.sslbackend=openssl
file:C:/Program Files/Git/etc/gitconfig	http.sslcainfo=C:/Program Files/Git/mingw64/etc/ssl/certs/ca-bundle.crt
file:C:/Program Files/Git/etc/gitconfig	core.autocrlf=true
file:C:/Program Files/Git/etc/gitconfig	core.fscache=true
file:C:/Program Files/Git/etc/gitconfig	core.symlinks=false
file:C:/Program Files/Git/etc/gitconfig	pull.rebase=false
file:C:/Program Files/Git/etc/gitconfig	credential.helper=manager
file:C:/Program Files/Git/etc/gitconfig	credential.https://dev.azure.com.usehttppath=true
file:C:/Program Files/Git/etc/gitconfig	init.defaultbranch=master
file:C:/Users/Jens-Petter/.gitconfig	user.email=jph@onelink.no
file:C:/Users/Jens-Petter/.gitconfig	credential.https://github.com.usehttppath=true
file:.git/config	core.repositoryformatversion=0
file:.git/config	core.filemode=false
file:.git/config	core.bare=false
file:.git/config	core.logallrefupdates=true
file:.git/config	core.symlinks=false
file:.git/config	core.ignorecase=true
file:.git/config	remote.origin.url=https://github.com/JayPeeJP/Nordgard.git
file:.git/config	remote.origin.fetch=+refs/heads/*:refs/remotes/origin/*
file:.git/config	branch.main.remote=origin
file:.git/config	branch.main.merge=refs/heads/main


------------
Diagnostic: Credential storage
Skipped: False
Success: True
Exception: None
Log:
ICredentialStore instance is of type: CredentialStore
Writing test credential... OK
Reading test credential... OK
Deleting test credential... OK

------------
Diagnostic: Microsoft authentication (AAD/MSA)
Skipped: False
Success: True
Exception: None
Log:
Broker is not enabled.
Gathering MSAL token cache data... OK
CacheDirectory: C:\Users\Jens-Petter\AppData\Local\.IdentityService
CacheFileName: msal.cache
CacheFilePath: C:\Users\Jens-Petter\AppData\Local\.IdentityService\msal.cache
Creating cache helper... OK
Verifying MSAL token cache persistence... OK

------------
Diagnostic: GitHub API
Skipped: False
Success: True
Exception: None
Log:
Using 'https://github.com/' as API target.
Querying '/meta' endpoint... OK

